
> frontend@0.1.0 build
> next build

Γû▓ Next.js 16.1.6 (Turbopack)
- Environments: .env.local

  Creating an optimized production build ...
node.exe : 
At line:1 char:1
+ & "C:\Program 
Files\nodejs/node.exe" 
"C:\Program 
Files\nodejs/node_mo ...
+ ~~~~~~~~~~~~~~~~~~~~~~~~~~
~~~~~~~~~~~~~~~~~~~~~~~~~~~~
~~~~~~~~~~~~~~~
    + CategoryInfo          
    : NotSpecified: (:Stri  
  ng) [], RemoteException
    + FullyQualifiedErrorId 
    : NativeCommandError
 
> Build error occurred
Error: Turbopack build 
failed with 1 errors:
./components/AnimatedBackgro
und.tsx:4:1
Module not found: Can't 
resolve '@react-three/fiber'
[0m [90m 2 |[39m
 [90m 3 |[39m 
[36mimport[39m { useRef } 
[36mfrom[39m 
[32m'react'[39m[33m;[39m
[31m[1m>[22m[39m[90m 4 
|[39m [36mimport[39m { 
[33mCanvas[39m[33m,[39m 
useFrame } [36mfrom[39m [
32m'@react-three/fiber'[39m
[33m;[39m
 [90m   |[39m [31m[1m^[
22m[39m[31m[1m^[22m[39m
[31m[1m^[22m[39m[31m[1
m^[22m[39m[31m[1m^[22m
[39m[31m[1m^[22m[39m[31
m[1m^[22m[39m[31m[1m^[
22m[39m[31m[1m^[22m[39m
[31m[1m^[22m[39m[31m[1
m^[22m[39m[31m[1m^[22m
[39m[31m[1m^[22m[39m[31
m[1m^[22m[39m[31m[1m^[
22m[39m[31m[1m^[22m[39m
[31m[1m^[22m[39m[31m[1
m^[22m[39m[31m[1m^[22m
[39m[31m[1m^[22m[39m[31
m[1m^[22m[39m[31m[1m^[
22m[39m[31m[1m^[22m[39m
[31m[1m^[22m[39m[31m[1
m^[22m[39m[31m[1m^[22m
[39m[31m[1m^[22m[39m[31
m[1m^[22m[39m[31m[1m^[
22m[39m[31m[1m^[22m[39m
[31m[1m^[22m[39m[31m[1
m^[22m[39m[31m[1m^[22m
[39m[31m[1m^[22m[39m[31
m[1m^[22m[39m[31m[1m^[
22m[39m[31m[1m^[22m[39m
[31m[1m^[22m[39m[31m[1
m^[22m[39m[31m[1m^[22m
[39m[31m[1m^[22m[39m[31
m[1m^[22m[39m[31m[1m^[
22m[39m[31m[1m^[22m[39m
[31m[1m^[22m[39m[31m[1
m^[22m[39m[31m[1m^[22m
[39m[31m[1m^[22m[39m[31
m[1m^[22m[39m[31m[1m^[
22m[39m[31m[1m^[22m[39m
[31m[1m^[22m[39m[31m[1
m^[22m[39m[31m[1m^[22m
[39m
 [90m 5 |[39m 
[36mimport[39m 
[33m*[39m [36mas[39m 
[33mTHREE[39m 
[36mfrom[39m 
[32m'three'[39m[33m;[39m
 [90m 6 |[39m
 [90m 7 |[39m 
[36mfunction[39m 
[33mParticles[39m() {[0m



Import traces:
  Client Component Browser:
    ./components/AnimatedBac
kground.tsx [Client 
Component Browser]
    ./components/Hero.tsx 
[Client Component Browser]
    ./app/page.tsx [Client 
Component Browser]
    ./app/page.tsx [Server 
Component]

  Client Component SSR:
    ./components/AnimatedBac
kground.tsx [Client 
Component SSR]
    ./components/Hero.tsx 
[Client Component SSR]
    ./app/page.tsx [Client 
Component SSR]
    ./app/page.tsx [Server 
Component]

https://nextjs.org/docs/mess
ages/module-not-found


    at <unknown> (./componen
ts/AnimatedBackground.tsx:4:
1)
    at <unknown> (https://ne
xtjs.org/docs/messages/modul
e-not-found)
